node:internal/errors:983
  const err = new Error(message);
              ^

Error: Command failed: node /home/user/Games/tools/beatbox_heroes/build_park3d.mjs --esm --out /tmp/r3env_TsObqp/esm
✘ [ERROR] Unexpected end of file

    beatbox_heroes/park3d/mg_rhythm.js:391:0:
      391 │ 
          ╵ ^

1 error
/home/user/Games/node_modules/esbuild/lib/main.js:1472
  let error = new Error(text);
              ^

Error: Build failed with 1 error:
beatbox_heroes/park3d/mg_rhythm.js:391:0: ERROR: Unexpected end of file
    at failureErrorWithLog (/home/user/Games/node_modules/esbuild/lib/main.js:1472:15)
    at /home/user/Games/node_modules/esbuild/lib/main.js:945:25
    at /home/user/Games/node_modules/esbuild/lib/main.js:897:52
    at buildResponseToResult (/home/user/Games/node_modules/esbuild/lib/main.js:943:7)
    at /home/user/Games/node_modules/esbuild/lib/main.js:970:16
    at responseCallbacks.<computed> (/home/user/Games/node_modules/esbuild/lib/main.js:622:9)
    at handleIncomingPacket (/home/user/Games/node_modules/esbuild/lib/main.js:677:12)
    at Socket.readFromStdout (/home/user/Games/node_modules/esbuild/lib/main.js:600:7)
    at Socket.emit (node:events:519:28)
    at addChunk (node:internal/streams/readable:561:12) {
  errors: [Getter/Setter],
  warnings: [Getter/Setter]
}

Node.js v22.22.0

    at genericNodeError (node:internal/errors:983:15)
    at wrappedFn (node:internal/errors:537:14)
    at checkExecSyncError (node:child_process:916:11)
    at execFileSync (node:child_process:952:15)
    at r3env (file:///home/user/Games/tests/beatbox_heroes_r3lib.mjs:25:3)
    at file:///home/user/Games/tests/beatbox_heroes_r3flow.test.mjs:12:19
    at ModuleJob.run (node:internal/modules/esm/module_job:343:25)
    at async onImport.tracePromise.__proto__ (node:internal/modules/esm/loader:665:26)
    at async asyncRunEntryPointWithESMLoader (node:internal/modules/run_main:117:5) {
  status: 1,
  signal: null,
  output: [
    null,
    Buffer(0) [Uint8Array] [],
    Buffer(1138) [Uint8Array] [
      226, 156, 152,  32,  91,  69,  82,  82,  79,  82,  93,  32,
       85, 110, 101, 120, 112, 101,  99, 116, 101, 100,  32, 101,
      110, 100,  32, 111, 102,  32, 102, 105, 108, 101,  10,  10,
       32,  32,  32,  32,  98, 101,  97, 116,  98, 111, 120,  95,
      104, 101, 114, 111, 101, 115,  47, 112,  97, 114, 107,  51,
      100,  47, 109, 103,  95, 114, 104, 121, 116, 104, 109,  46,
      106, 115,  58,  51,  57,  49,  58,  48,  58,  10,  32,  32,
       32,  32,  32,  32,  51,  57,  49,  32, 226, 148, 130,  32,
       10,  32,  32,  32,
      ... 1038 more items
    ]
  ],
  pid: 18282,
  stdout: Buffer(0) [Uint8Array] [],
  stderr: Buffer(1138) [Uint8Array] [
    226, 156, 152,  32,  91,  69,  82,  82,  79,  82,  93,  32,
     85, 110, 101, 120, 112, 101,  99, 116, 101, 100,  32, 101,
    110, 100,  32, 111, 102,  32, 102, 105, 108, 101,  10,  10,
     32,  32,  32,  32,  98, 101,  97, 116,  98, 111, 120,  95,
    104, 101, 114, 111, 101, 115,  47, 112,  97, 114, 107,  51,
    100,  47, 109, 103,  95, 114, 104, 121, 116, 104, 109,  46,
    106, 115,  58,  51,  57,  49,  58,  48,  58,  10,  32,  32,
     32,  32,  32,  32,  51,  57,  49,  32, 226, 148, 130,  32,
     10,  32,  32,  32,
    ... 1038 more items
  ]
}

Node.js v22.22.0
